       UPLINK_NAME: 'Wired',
       HA: [Object],
       RANGE_START: null,
       RANGE_END: null,
       GRE: null,
       DHCP_RELAY: null,
       SSID_CONFIG: {},
       MOBILE_CONFIG: {} } ],
  PORT_FWD_CONFIG: [],
  ACL_CONFIG: [],
  COMMANDS: [],
  NETWORK_ID: 'lnsocket1005',
  NTP_CONFIG: {},
  RADIO_PROFILES: 
   [ { RADIO_PROFILE_ID: '0',
       NAME: 'Radio Default',
       COUNTRY_CODE: 'IN',
       RADIO_SETTINGS: [Object] } ],
  PRESENCE_CONFIG: { ENABLE: '0', TAG: '00:0C:66:13:07:18' },
  WIRED_CONFIG: 
   { WIRED_UNIQ_ID: 'L287',
     NAT: 1,
     WNA: 0,
     NAME: 'New Wired',
     PROTO: 'static',
     IPADDR: '192.168.222.1',
     NETMASK: '255.255.255.0',
     QOS: { BW_ENABLE: 0, BW: '0' },
     SECURITY: {},
     DHCP: 
      { LEASE_TIME: '86400',
        DHCP_ENABLE: '2',
        RANGE_START: '192.168.222.2',
        RANGE_END: '192.168.222.254',
        MAPPINGS: [] },
     CAPTIVE_PORTAL: 
      { PORTAL_ENABLE: 0,
        PORTAL_REDIR_URL: null,
        WL_ENABLE: 0,
        WL_CONFIG: [],
        QOS: [Object],
        DEF_INT_UPDATE_INTV: '300',
        DEF_IDLE_TO: '1800' },
     DNS: { MODE: '1', PRI_DNS: '', SEC_DNS: '' } },
  FIREWALL: { CL_COMM: [] } }
[]
{ "INFO": { "NASID": "00:0C:66:10:3A:58", "PIAP_VERSION": "2.0.2.18", "HW_PART_NO": "\"1\"", "CONSUME_ID": "1439876633", "FIRST_HB": 0, "TIMESTAMP": 1475726124 }, "SYSTEM_INFO": { "KERNEL_VERSION": "3.10.49", "PUBLIC_IP": "112.133.237.3", "ETH_IP": "10.0.220.110", "UPLINK_IP": "10.0.220.110", "UPTIME_REAL": "66452", "CPU_IDLE_TIME": "53923", "LOAD_AVG": "0.32 0.31 0.31 1\/37" }, "MEMINFO": { "TOTAL": "61996kB", "FREE": "25996kB", "BUFFERS": "3388kB", "CACHED": "12736kB" }, "INTERFACE_STATS": { "73": { "SSID": "Rail Wi-Fi", "SSID_UNIQ_ID": "73", "BAND": 1, "RX_BYTES": 820403286, "RX_PACKETS": 4516200, "RX_BYTES_INT": 61482, "RX_PACKETS_INT": 726, "RX_ERRORS": 0, "RX_DROPS": 0, "TX_BYTES": 2382637547, "TX_PACKETS": 5836275, "TX_BYTES_INT": 1420259, "TX_PACKETS_INT": 1083, "TX_ERRORS": 0, "TX_DROPS": 0, "TX_RATE": 129114, "RX_RATE": 5589 }, "UPLINK": { "RX_BYTES": 2314847356, "RX_PACKETS": 5976338, "RX_BYTES_INT": 1405207, "RX_PACKETS_INT": 1106, "RX_ERRORS": 0, "RX_DROPS": 2245, "TX_BYTES": 883991745, "TX_PACKETS": 4693208, "TX_BYTES_INT": 71992, "TX_PACKETS_INT": 752, "TX_ERRORS": 0, "TX_DROPS": 0, "TX_RATE": 6544, "RX_RATE": 127746 } }, "WLAN_CLIENTS": [ { "DEVICE": "wlan0", "SSID_UNIQ_ID": "73", "SSID": "Rail Wi-Fi", "BAND": 1, "MAC": "54:14:73:1c:3b:fb", "IPADDR": "10.0.217.194", "HOSTNAME": "android-17d4f433fd7718a0 ( Generic Android ) ", "DEVICE_TYPE": 5, "RX_BYTES": 283421, "RX_PACKETS": 654, "RX_BYTES_INT": 5422, "RX_PACKETS_INT": 24, "TX_BYTES": 119453, "TX_PACKETS": 827, "TX_BYTES_INT": 1892, "TX_PACKETS_INT": 28, "TX_RATE": 172, "RX_RATE": 492, "SIGNAL": "-75_dBm", "SIGNAL_AVG": "-73_dBm", "RX_BITRATE": "1.0MBit\/s", "TX_BITRATE": "43.3MBit\/s", "AUTHORIZED": "yes", "AUTHENTICATED": "yes" }, { "DEVICE": "wlan0", "SSID_UNIQ_ID": "73", "SSID": "Rail Wi-Fi", "BAND": 1, "MAC": "90:e7:c4:05:9f:c4", "IPADDR": "10.0.217.165", "HOSTNAME": "android-f70e7afe42c1c82c ( Generic Android ) ", "DEVICE_TYPE": 5, "RX_BYTES": 49820, "RX_PACKETS": 243, "RX_BYTES_INT": 0, "RX_PACKETS_INT": 0, "TX_BYTES": 44108, "TX_PACKETS": 203, "TX_BYTES_INT": 0, "TX_PACKETS_INT": 0, "TX_RATE": 0, "RX_RATE": 0, "SIGNAL": "-71_dBm", "SIGNAL_AVG": "-71_dBm", "RX_BITRATE": "1.0MBit\/s", "TX_BITRATE": "13.0MBit\/s", "AUTHORIZED": "yes", "AUTHENTICATED": "yes" }, { "DEVICE": "wlan0", "SSID_UNIQ_ID": "73", "SSID": "Rail Wi-Fi", "BAND": 1, "MAC": "08:37:3d:cb:a3:3a", "IPADDR": "10.0.217.228", "HOSTNAME": "android-3e1eda18c19668a8", "DEVICE_TYPE": 5, "RX_BYTES": 407312, "RX_PACKETS": 734, "RX_BYTES_INT": 0, "RX_PACKETS_INT": 0, "TX_BYTES": 86485, "TX_PACKETS": 880, "TX_BYTES_INT": 0, "TX_PACKETS_INT": 0, "TX_RATE": 0, "RX_RATE": 0, "SIGNAL": "-73_dBm", "SIGNAL_AVG": "-76_dBm", "RX_BITRATE": "1.0MBit\/s", "TX_BITRATE": "28.9MBit\/s", "AUTHORIZED": "yes", "AUTHENTICATED": "yes" }, { "DEVICE": "wlan0", "SSID_UNIQ_ID": "73", "SSID": "Rail Wi-Fi", "BAND": 1, "MAC": "fe:00:00:00:b1:37", "IPADDR": "10.0.217.221", "HOSTNAME": "android-4823b23e29f0f815 ( Generic Android ) ", "DEVICE_TYPE": 5, "RX_BYTES": 57663, "RX_PACKETS": 838, "RX_BYTES_INT": 3459, "RX_PACKETS_INT": 40, "TX_BYTES": 69469, "TX_PACKETS": 805, "TX_BYTES_INT": 4999, "TX_PACKETS_INT": 45, "TX_RATE": 454, "RX_RATE": 314, "SIGNAL": "-63_dBm", "SIGNAL_AVG": "-69_dBm", "RX_BITRATE": "1.0MBit\/s", "TX_BITRATE": "26.0MBit\/s", "AUTHORIZED": "yes", "AUTHENTICATED": "yes" }, { "DEVICE": "wlan0", "SSID_UNIQ_ID": "73", "SSID": "Rail Wi-Fi", "BAND": 1, "MAC": "ac:5a:14:b7:34:28", "IPADDR": "10.0.221.7", "HOSTNAME": "android-fb65bbdfdb988ce ( Generic Android ) ", "DEVICE_TYPE": 5, "RX_BYTES": 1751404, "RX_PACKETS": 2899, "RX_BYTES_INT": 193, "RX_PACKETS_INT": 3, "TX_BYTES": 409642, "TX_PACKETS": 3331, "TX_BYTES_INT": 304, "TX_PACKETS_INT": 11, "TX_RATE": 27, "RX_RATE": 17, "SIGNAL": "-71_dBm", "SIGNAL_AVG": "-69_dBm", "RX_BITRATE": "24.0MBit\/s", "TX_BITRATE": "58.5MBit\/s", "AUTHORIZED": "yes", "AUTHENTICATED": "yes" }, { "DEVICE": "wlan0", "SSID_UNIQ_ID": "73", "SSID": "Rail Wi-Fi", "BAND": 1, "MAC": "b0:df:3a:2f:64:fc", "IPADDR": "10.0.217.191", "HOSTNAME": "android-7e2c936b7e45490a ( Generic Android ) ", "DEVICE_TYPE": 5, "RX_BYTES": 37262190, "RX_PACKETS": 25935, "RX_BYTES_INT": 1243565, "RX_PACKETS_INT": 833, "TX_BYTES": 1888755, "TX_PACKETS": 18136, "TX_BYTES_INT": 50561, "TX_PACKETS_INT": 561, "TX_RATE": 4596, "RX_RATE": 113051, "SIGNAL": "-49_dBm", "SIGNAL_AVG": "-48_dBm", "RX_BITRATE": "72.2MBit\/s", "TX_BITRATE": "65.0MBit\/s", "AUTHORIZED": "yes", "AUTHENTICATED": "yes" }, { "DEVICE": "wlan0", "SSID_UNIQ_ID": "73", "SSID": "Rail Wi-Fi", "BAND": 1, "MAC": "c0:11:73:e9:d5:e3", "IPADDR": "10.0.217.220", "HOSTNAME": "android-23b0affac1427e6e ( Generic Android ) ", "DEVICE_TYPE": 5, "RX_BYTES": 5192387, "RX_PACKETS": 8426, "RX_BYTES_INT": 1318, "RX_PACKETS_INT": 10, "TX_BYTES": 3848065, "TX_PACKETS": 8850, "TX_BYTES_INT": 1660, "TX_PACKETS_INT": 23, "TX_RATE": 150, "RX_RATE": 119, "SIGNAL": "-65_dBm", "SIGNAL_AVG": "-54_dBm", "RX_BITRATE": "1.0MBit\/s", "TX_BITRATE": "28.9MBit\/s", "AUTHORIZED": "yes", "AUTHENTICATED": "yes" }, { "DEVICE": "wlan0", "SSID_UNIQ_ID": "73", "SSID": "Rail Wi-Fi", "BAND": 1, "MAC": "88:70:8c:d2:e4:ef", "IPADDR": "10.0.217.51", "HOSTNAME": "android-21f129885e4cc26 ( Generic Android ) ", "DEVICE_TYPE": 5, "RX_BYTES": 6138107, "RX_PACKETS": 7001, "RX_BYTES_INT": 62736, "RX_PACKETS_INT": 53, "TX_BYTES": 1123315, "TX_PACKETS": 7623, "TX_BYTES_INT": 10907, "TX_PACKETS_INT": 63, "TX_RATE": 991, "RX_RATE": 5703, "SIGNAL": "-63_dBm", "SIGNAL_AVG": "-62_dBm", "RX_BITRATE": "6.0MBit\/s", "TX_BITRATE": "43.3MBit\/s", "AUTHORIZED": "yes", "AUTHENTICATED": "yes" }, { "DEVICE": "wlan0", "SSID_UNIQ_ID": "73", "SSID": "Rail Wi-Fi", "BAND": 1, "MAC": "48:13:7e:57:40:3e", "IPADDR": "10.0.217.217", "HOSTNAME": "android-ad8522ada84970aa ( Generic Android ) ", "DEVICE_TYPE": 5, "RX_BYTES": 22606, "RX_PACKETS": 143, "RX_BYTES_INT": 0, "RX_PACKETS_INT": 0, "TX_BYTES": 27381, "TX_PACKETS": 393, "TX_BYTES_INT": 0, "TX_PACKETS_INT": 0, "TX_RATE": 0, "RX_RATE": 0, "SIGNAL": "-73_dBm", "SIGNAL_AVG": "-74_dBm", "RX_BITRATE": "24.0MBit\/s", "TX_BITRATE": "26.0MBit\/s", "AUTHORIZED": "yes", "AUTHENTICATED": "yes" }, { "DEVICE": "wlan0", "SSID_UNIQ_ID": "73", "SSID": "Rail Wi-Fi", "BAND": 1, "MAC": "b4:74:43:60:15:cb", "IPADDR": "10.0.217.215", "HOSTNAME": "android-f23df12778f76ebc ( Generic Android ) ", "DEVICE_TYPE": 5, "RX_BYTES": 1064590, "RX_PACKETS": 10391, "RX_BYTES_INT": 323, "RX_PACKETS_INT": 4, "TX_BYTES": 1317335, "TX_PACKETS": 10678, "TX_BYTES_INT": 118, "TX_PACKETS_INT": 3, "TX_RATE": 10, "RX_RATE": 29, "SIGNAL": "-81_dBm", "SIGNAL_AVG": "-78_dBm", "RX_BITRATE": "2.0MBit\/s", "TX_BITRATE": "11.0MBit\/s", "AUTHORIZED": "yes", "AUTHENTICATED": "yes" }, { "DEVICE": "wlan0", "SSID_UNIQ_ID": "73", "SSID": "Rail Wi-Fi", "BAND": 1, "MAC": "84:2e:27:cd:43:7d", "IPADDR": "10.0.223.95", "HOSTNAME": "android-15de430fabe9249b ( Generic Android ) ", "DEVICE_TYPE": 5, "RX_BYTES": 81097530, "RX_PACKETS": 65497, "RX_BYTES_INT": 103937, "RX_PACKETS_INT": 83, "TX_BYTES": 6502528, "TX_PACKETS": 54190, "TX_BYTES_INT": 8343, "TX_PACKETS_INT": 76, "TX_RATE": 758, "RX_RATE": 9448, "SIGNAL": "-55_dBm", "SIGNAL_AVG": "-56_dBm", "RX_BITRATE": "1.0MBit\/s", "TX_BITRATE": "43.3MBit\/s", "AUTHORIZED": "yes", "AUTHENTICATED": "yes" } ], "COMMAND_RESULTS": [ ], "SENSORS_DATA": { "AIR_DATA": { "VOC": 0 } } }
{ "INFO": { "NASID": "00:0C:66:20:54:80", "PIAP_VERSION": "2.0.2.19", "HW_PART_NO": "\"3\"", "CONSUME_ID": "1451839981", "FIRST_HB": 0, "TIMESTAMP": 1475726125 }, "SYSTEM_INFO": { "KERNEL_VERSION": "3.3.8", "PUBLIC_IP": "112.133.199.162", "ETH_IP": "172.17.255.238", "UPLINK_IP": "172.17.255.238", "UPTIME_REAL": "17242", "CPU_IDLE_TIME": "15806", "LOAD_AVG": "0.14 0.13 0.14 1\/45" }, "MEMINFO": { "TOTAL": "126320kB", "FREE": "52024kB", "BUFFERS": "6360kB", "CACHED": "20796kB" }, "INTERFACE_STATS": { "716": { "SSID": "Metro Fi", "SSID_UNIQ_ID": "716", "BAND": 2, "RX_BYTES": 61138256, "RX_PACKETS": 47109, "RX_BYTES_INT": 0, "RX_PACKETS_INT": 0, "RX_ERRORS": 1, "RX_DROPS": 1, "TX_BYTES": 112164146, "TX_PACKETS": 80878, "TX_BYTES_INT": 0, "TX_PACKETS_INT": 0, "TX_ERRORS": 48587, "TX_DROPS": 0, "TX_RATE": 0, "RX_RATE": 0 }, "715": { "SSID": "Metro Fi", "SSID_UNIQ_ID": "715", "BAND": 1, "RX_BYTES": 11217559, "RX_PACKETS": 58416, "RX_BYTES_INT": 3991, "RX_PACKETS_INT": 32, "RX_ERRORS": 0, "RX_DROPS": 0, "TX_BYTES": 61027595, "TX_PACKETS": 354221, "TX_BYTES_INT": 100019, "TX_PACKETS_INT": 749, "TX_ERRORS": 0, "TX_DROPS": 11640, "TX_RATE": 5000, "RX_RATE": 199 }, "UPLINK": [ { "UID": "3767", "TYPE": 1, "RX_BYTES": 182436043, "RX_PACKETS": 488407, "RX_BYTES_INT": 93049, "RX_PACKETS_INT": 774, "RX_ERRORS": 0, "RX_DROPS": 573, "TX_BYTES": 30005209, "TX_PACKETS": 153805, "TX_BYTES_INT": 14685, "TX_PACKETS_INT": 62, "TX_ERRORS": 0, "TX_DROPS": 0, "TX_RATE": 734, "RX_RATE": 4652 } ] }, "WLAN_CLIENTS": [ { "DEVICE": "", "SSID_UNIQ_ID": "716", "SSID": "Metro Fi", "BAND": 2, "MAC": "54:72:4f:85:f5:ff", "IPADDR": "", "HOSTNAME": "", "DEVICE_TYPE": 0, "RX_BYTES": 3243, "RX_PACKETS": 15, "RX_BYTES_INT": 0, "RX_PACKETS_INT": 0, "TX_BYTES": 39152, "TX_PACKETS": 31, "TX_BYTES_INT": 0, "TX_PACKETS_INT": 0, "TX_RATE": 0, "RX_RATE": 0, "SIGNAL": "-81_dBm", "SIGNAL_AVG": "-81_dBm", "RX_BITRATE": "26MBits\/s", "TX_BITRATE": "52MBits\/s", "AUTHORIZED": "", "AUTHENTICATED": "" }, { "DEVICE": "", "SSID_UNIQ_ID": "716", "SSID": "Metro Fi", "BAND": 2, "MAC": "a4:70:d6:7f:c2:0f", "IPADDR": "", "HOSTNAME": "", "DEVICE_TYPE": 0, "RX_BYTES": 1688, "RX_PACKETS": 9, "RX_BYTES_INT": 0, "RX_PACKETS_INT": 0, "TX_BYTES": 15568, "TX_PACKETS": 13, "TX_BYTES_INT": 0, "TX_PACKETS_INT": 0, "TX_RATE": 0, "RX_RATE": 0, "SIGNAL": "-84_dBm", "SIGNAL_AVG": "-84_dBm", "RX_BITRATE": "5MBits\/s", "TX_BITRATE": "19MBits\/s", "AUTHORIZED": "", "AUTHENTICATED": "" }, { "DEVICE": "", "SSID_UNIQ_ID": "715", "SSID": "Metro Fi", "BAND": 1, "MAC": "44:6d:6c:aa:dc:e5", "IPADDR": "", "HOSTNAME": "", "DEVICE_TYPE": 0, "RX_BYTES": 148440, "RX_PACKETS": 415, "RX_BYTES_INT": 0, "RX_PACKETS_INT": 0, "TX_BYTES": 130598, "TX_PACKETS": 1303, "TX_BYTES_INT": 0, "TX_PACKETS_INT": 0, "TX_RATE": 0, "RX_RATE": 0, "SIGNAL": "-80_dBm", "SIGNAL_AVG": "-80_dBm", "RX_BITRATE": "1MBits\/s", "TX_BITRATE": "1MBits\/s", "AUTHORIZED": "", "AUTHENTICATED": "" }, { "DEVICE": "", "SSID_UNIQ_ID": "715", "SSID": "Metro Fi", "BAND": 1, "MAC": "90:3c:92:c6:a5:ce", "IPADDR": "", "HOSTNAME": "", "DEVICE_TYPE": 0, "RX_BYTES": 150, "RX_PACKETS": 3, "RX_BYTES_INT": 0, "RX_PACKETS_INT": 0, "TX_BYTES": 2536, "TX_PACKETS": 85, "TX_BYTES_INT": 0, "TX_PACKETS_INT": 0, "TX_RATE": 0, "RX_RATE": 0, "SIGNAL": "-84_dBm", "SIGNAL_AVG": "-84_dBm", "RX_BITRATE": "1MBits\/s", "TX_BITRATE": "46MBits\/s", "AUTHORIZED": "", "AUTHENTICATED": "" }, { "DEVICE": "", "SSID_UNIQ_ID": "715", "SSID": "Metro Fi", "BAND": 1, "MAC": "40:78:6a:b2:ad:d7", "IPADDR": "", "HOSTNAME": "", "DEVICE_TYPE": 0, "RX_BYTES": 96797, "RX_PACKETS": 254, "RX_BYTES_INT": 0, "RX_PACKETS_INT": 0, "TX_BYTES": 75552, "TX_PACKETS": 489, "TX_BYTES_INT": 0, "TX_PACKETS_INT": 0, "TX_RATE": 0, "RX_RATE": 0, "SIGNAL": "-91_dBm", "SIGNAL_AVG": "-91_dBm", "RX_BITRATE": "1MBits\/s", "TX_BITRATE": "2MBits\/s", "AUTHORIZED": "", "AUTHENTICATED": "" }, { "DEVICE": "", "SSID_UNIQ_ID": "715", "SSID": "Metro Fi", "BAND": 1, "MAC": "3c:97:0f:20:4f:73", "IPADDR": "", "HOSTNAME": "", "DEVICE_TYPE": 0, "RX_BYTES": 107371, "RX_PACKETS": 231, "RX_BYTES_INT": 0, "RX_PACKETS_INT": 0, "TX_BYTES": 88367, "TX_PACKETS": 573, "TX_BYTES_INT": 0, "TX_PACKETS_INT": 0, "TX_RATE": 0, "RX_RATE": 0, "SIGNAL": "-88_dBm", "SIGNAL_AVG": "-88_dBm", "RX_BITRATE": "1MBits\/s", "TX_BITRATE": "0MBits\/s", "AUTHORIZED": "", "AUTHENTICATED": "" }, { "DEVICE": "", "SSID_UNIQ_ID": "715", "SSID": "Metro Fi", "BAND": 1, "MAC": "8c:77:16:fa:ca:d3", "IPADDR": "", "HOSTNAME": "", "DEVICE_TYPE": 0, "RX_BYTES": 401654, "RX_PACKETS": 879, "RX_BYTES_INT": 0, "RX_PACKETS_INT": 0, "TX_BYTES": 392977, "TX_PACKETS": 1207, "TX_BYTES_INT": 0, "TX_PACKETS_INT": 0, "TX_RATE": 0, "RX_RATE": 0, "SIGNAL": "-84_dBm", "SIGNAL_AVG": "-84_dBm", "RX_BITRATE": "0MBits\/s", "TX_BITRATE": "1MBits\/s", "AUTHORIZED": "", "AUTHENTICATED": "" }, { "DEVICE": "", "SSID_UNIQ_ID": "715", "SSID": "Metro Fi", "BAND": 1, "MAC": "54:14:73:78:cf:b1", "IPADDR": "", "HOSTNAME": "", "DEVICE_TYPE": 0, "RX_BYTES": 73353, "RX_PACKETS": 236, "RX_BYTES_INT": 0, "RX_PACKETS_INT": 0, "TX_BYTES": 172459, "TX_PACKETS": 340, "TX_BYTES_INT": 0, "TX_PACKETS_INT": 0, "TX_RATE": 0, "RX_RATE": 0, "SIGNAL": "-87_dBm", "SIGNAL_AVG": "-87_dBm", "RX_BITRATE": "1MBits\/s", "TX_BITRATE": "6MBits\/s", "AUTHORIZED": "", "AUTHENTICATED": "" }, { "DEVICE": "", "SSID_UNIQ_ID": "715", "SSID": "Metro Fi", "BAND": 1, "MAC": "c0:11:73:f4:1c:0f", "IPADDR": "", "HOSTNAME": "", "DEVICE_TYPE": 0, "RX_BYTES": 152637, "RX_PACKETS": 394, "RX_BYTES_INT": 0, "RX_PACKETS_INT": 0, "TX_BYTES": 198214, "TX_PACKETS": 703, "TX_BYTES_INT": 0, "TX_PACKETS_INT": 0, "TX_RATE": 0, "RX_RATE": 0, "SIGNAL": "-72_dBm", "SIGNAL_AVG": "-72_dBm", "RX_BITRATE": "25MBits\/s", "TX_BITRATE": "34MBits\/s", "AUTHORIZED": "", "AUTHENTICATED": "" }, { "DEVICE": "", "SSID_UNIQ_ID": "715", "SSID": "Metro Fi", "BAND": 1, "MAC": "dc:6d:cd:eb:c3:ee", "IPADDR": "", "HOSTNAME": "", "DEVICE_TYPE": 0, "RX_BYTES": 97992, "RX_PACKETS": 180, "RX_BYTES_INT": 12889, "RX_PACKETS_INT": 20, "TX_BYTES": 35409, "TX_PACKETS": 372, "TX_BYTES_INT": 4391, "TX_PACKETS_INT": 44, "TX_RATE": 219, "RX_RATE": 644, "SIGNAL": "-63_dBm", "SIGNAL_AVG": "-63_dBm", "RX_BITRATE": "14MBits\/s", "TX_BITRATE": "61MBits\/s", "AUTHORIZED": "", "AUTHENTICATED": "" }, { "DEVICE": "", "SSID_UNIQ_ID": "715", "SSID": "Metro Fi", "BAND": 1, "MAC": "3c:91:57:23:1c:3b", "IPADDR": "", "HOSTNAME": "", "DEVICE_TYPE": 0, "RX_BYTES": 0, "RX_PACKETS": 0, "RX_BYTES_INT": 0, "RX_PACKETS_INT": 0, "TX_BYTES": 228, "TX_PACKETS": 2, "TX_BYTES_INT": 0, "TX_PACKETS_INT": 0, "TX_RATE": 0, "RX_RATE": 0, "SIGNAL": "-90_dBm", "SIGNAL_AVG": "-90_dBm", "RX_BITRATE": "0MBits\/s", "TX_BITRATE": "0MBits\/s", "AUTHORIZED": "", "AUTHENTICATED": "" }, { "DEVICE": "", "SSID_UNIQ_ID": "715", "SSID": "Metro Fi", "BAND": 1, "MAC": "84:73:03:c8:4f:00", "IPADDR": "172.17.249.124", "HOSTNAME": "android-ad124366376b655e ( Generic Android ) ", "DEVICE_TYPE": 5, "RX_BYTES": 56, "RX_PACKETS": 1, "RX_BYTES_INT": 0, "RX_PACKETS_INT": 0, "TX_BYTES": 118, "TX_PACKETS": 2, "TX_BYTES_INT": 0, "TX_PACKETS_INT": 0, "TX_RATE": 0, "RX_RATE": 0, "SIGNAL": "-80_dBm", "SIGNAL_AVG": "-80_dBm", "RX_BITRATE": "0MBits\/s", "TX_BITRATE": "19MBits\/s", "AUTHORIZED": "", "AUTHENTICATED": "" }, { "DEVICE": "", "SSID_UNIQ_ID": "715", "SSID": "Metro Fi", "BAND": 1, "MAC": "bc:d1:1f:fc:fb:5e", "IPADDR": "", "HOSTNAME": "", "DEVICE_TYPE": 0, "RX_BYTES": 61629, "RX_PACKETS": 120, "RX_BYTES_INT": 542, "RX_PACKETS_INT": 3, "TX_BYTES": 23706, "TX_PACKETS": 175, "TX_BYTES_INT": 0, "TX_PACKETS_INT": 0, "TX_RATE": 0, "RX_RATE": 27, "SIGNAL": "-86_dBm", "SIGNAL_AVG": "-86_dBm", "RX_BITRATE": "7MBits\/s", "TX_BITRATE": "1MBits\/s", "AUTHORIZED": "", "AUTHENTICATED": "" }, { "DEVICE": "", "SSID_UNIQ_ID": "715", "SSID": "Metro Fi", "BAND": 1, "MAC": "b8:5a:73:4a:ee:7b", "IPADDR": "", "HOSTNAME": "", "DEVICE_TYPE": 0, "RX_BYTES": 6386, "RX_PACKETS": 19, "RX_BYTES_INT": 0, "RX_PACKETS_INT": 0, "TX_BYTES": 5879, "TX_PACKETS": 45, "TX_BYTES_INT": 0, "TX_PACKETS_INT": 0, "TX_RATE": 0, "RX_RATE": 0, "SIGNAL": "-63_dBm", "SIGNAL_AVG": "-63_dBm", "RX_BITRATE": "48MBits\/s", "TX_BITRATE": "66MBits\/s", "AUTHORIZED": "", "AUTHENTICATED": "" }, { "DEVICE": "", "SSID_UNIQ_ID": "715", "SSID": "Metro Fi", "BAND": 1, "MAC": "c4:50:06:1e:3b:6b", "IPADDR": "", "HOSTNAME": "", "DEVICE_TYPE": 0, "RX_BYTES": 0, "RX_PACKETS": 0, "RX_BYTES_INT": 0, "RX_PACKETS_INT": 0, "TX_BYTES": 56, "TX_PACKETS": 2, "TX_BYTES_INT": 56, "TX_PACKETS_INT": 2, "TX_RATE": 0, "RX_RATE": 0, "SIGNAL": "-64_dBm", "SIGNAL_AVG": "-64_dBm", "RX_BITRATE": "0MBits\/s", "TX_BITRATE": "0MBits\/s", "AUTHORIZED": "", "AUTHENTICATED": "" } ], "COMMAND_RESULTS": [ ], "SENSORS_DATA": { "AIR_DATA": { "VOC": 0 } } }
[]
[]
{ "INFO": { "NASID": "78:A3:51:15:AD:06", "PIAP_VERSION": "2.0.2.21", "HW_PART_NO": "\"6\"", "CONSUME_ID": "1468669260", "FIRST_HB": 0, "TIMESTAMP": 1475726125 }, "SYSTEM_INFO": { "KERNEL_VERSION": "3.10.14", "PUBLIC_IP": "106.197.204.152", "UPTIME_REAL": "8766", "CPU_IDLE_TIME": "8113", "LOAD_AVG": "0.16 0.17 0.15 1\/42" }, "MEMINFO": { "TOTAL": "61400kB", "FREE": "16336kB", "BUFFERS": "4608kB", "CACHED": "15472kB" }, "INTERFACE_STATS": { "LAN": { "RX_BYTES": 174020, "RX_PACKETS": 2257, "RX_BYTES_INT": 52, "RX_PACKETS_INT": 1, "RX_ERRORS": 0, "RX_DROPS": 0, "TX_BYTES": 171187, "TX_PACKETS": 1903, "TX_BYTES_INT": 66, "TX_PACKETS_INT": 1, "TX_ERRORS": 0, "TX_DROPS": 0, "TX_RATE": 13, "RX_RATE": 10 }, "UPLINK": [ { "UID": "6465", "TYPE": 4, "UPLINK_IP": "223.187.209.105", "MOBILE_STATUS": "Network:  HSPA+, Signal: -57 dBm |  IMEI: 862234024196083 | IMSI: +SIGNALIND:4,80,255", "RX_BYTES": 775310, "RX_PACKETS": 2695, "RX_BYTES_INT": 4972, "RX_PACKETS_INT": 18, "RX_ERRORS": 0, "RX_DROPS": 0, "TX_BYTES": 656794, "TX_PACKETS": 3382, "TX_BYTES_INT": 4271, "TX_PACKETS_INT": 21, "TX_ERRORS": 0, "TX_DROPS": 0, "TX_RATE": 854, "RX_RATE": 994 }, { "UID": "6338", "TYPE": 1, "UPLINK_IP": "0.0.0.0", "RX_BYTES": 0, "RX_PACKETS": 0, "RX_BYTES_INT": 0, "RX_PACKETS_INT": 0, "RX_ERRORS": 0, "RX_DROPS": 0, "TX_BYTES": 1013064, "TX_PACKETS": 3176, "TX_BYTES_INT": 684, "TX_PACKETS_INT": 2, "TX_ERRORS": 0, "TX_DROPS": 0, "TX_RATE": 136, "RX_RATE": 0 } ], "2086": { "SSID": "Infosys_109", "SSID_UNIQ_ID": "2086", "BAND": 1, "RX_BYTES": 237822, "RX_PACKETS": 2543, "RX_BYTES_INT": 0, "RX_PACKETS_INT": 0, "RX_ERRORS": 1, "RX_DROPS": 0, "TX_BYTES": 134335, "TX_PACKETS": 501, "TX_BYTES_INT": 0, "TX_PACKETS_INT": 0, "TX_ERRORS": 0, "TX_DROPS": 0, "TX_RATE": 0, "RX_RATE": 0 } }, "WLAN_CLIENTS": [ { "TYPE": "1", "WIRED_UNIQ_ID": "192", "MAC": "B8:27:EB:6F:8B:97", "IPADDR": "192.168.4.2", "HOSTNAME": "", "DEVICE_TYPE": 0, "RX_BYTES": 135165, "RX_PACKETS": 1599, "RX_BYTES_INT": 52, "RX_PACKETS_INT": 1, "TX_BYTES": 152668, "TX_PACKETS": 1855, "TX_BYTES_INT": 52, "TX_PACKETS_INT": 1, "TX_RATE": 10, "RX_RATE": 10 } ], "COMMAND_RESULTS": [ ] }
[]
{ "INFO": { "NASID": "00:0C:66:10:6F:8C", "PIAP_VERSION": "2.0.2.19", "HW_PART_NO": "\"8\"", "CONSUME_ID": "1465257294", "FIRST_HB": 0, "TIMESTAMP": 1475726124 }, "SYSTEM_INFO": { "KERNEL_VERSION": "3.3.8", "PUBLIC_IP": "2.91.142.106", "ETH_IP": "192.168.1.2", "UPLINK_IP": "192.168.1.2", "UPTIME_REAL": "151229", "CPU_IDLE_TIME": "138545", "LOAD_AVG": "0.06 0.14 0.18 2\/49" }, "MEMINFO": { "TOTAL": "126336kB", "FREE": "55744kB", "BUFFERS": "6720kB", "CACHED": "20744kB" }, "INTERFACE_STATS": { "1169": { "SSID": "ChilisFreeWiFi", "SSID_UNIQ_ID": "1169", "BAND": 1, "RX_BYTES": 357258191, "RX_PACKETS": 2039654, "RX_BYTES_INT": 480, "RX_PACKETS_INT": 5, "RX_ERRORS": 0, "RX_DROPS": 0, "TX_BYTES": 960312, "TX_PACKETS": 14440, "TX_BYTES_INT": 0, "TX_PACKETS_INT": 0, "TX_ERRORS": 0, "TX_DROPS": 1, "TX_RATE": 0, "RX_RATE": 96 }, "UPLINK": [ { "UID": "4644", "TYPE": 1, "RX_BYTES": 2001538691, "RX_PACKETS": 2295202, "RX_BYTES_INT": 4638, "RX_PACKETS_INT": 14, "RX_ERRORS": 0, "RX_DROPS": 0, "TX_BYTES": 531575936, "TX_PACKETS": 2832758, "TX_BYTES_INT": 3651, "TX_PACKETS_INT": 18, "TX_ERRORS": 0, "TX_DROPS": 0, "TX_RATE": 730, "RX_RATE": 927 } ] }, "WLAN_CLIENTS": [ { "DEVICE": "", "SSID_UNIQ_ID": "1169", "SSID": "ChilisFreeWiFi", "BAND": 1, "MAC": "00:08:22:66:53:72", "IPADDR": "0.0.0.0", "HOSTNAME": "android-6a01798e7f2184f ( Generic Android ) ", "DEVICE_TYPE": 5, "RX_BYTES": 797531, "RX_PACKETS": 12770, "RX_BYTES_INT": 220, "RX_PACKETS_INT": 5, "TX_BYTES": 1677726, "TX_PACKETS": 22128, "TX_BYTES_INT": 602, "TX_PACKETS_INT": 9, "TX_RATE": 120, "RX_RATE": 44, "SIGNAL": "-56_dBm", "SIGNAL_AVG": "-56_dBm", "RX_BITRATE": "36MBits\/s", "TX_BITRATE": "0MBits\/s", "AUTHORIZED": "", "AUTHENTICATED": "" } ], "COMMAND_RESULTS": [ ], "SENSORS_DATA": { "AIR_DATA": { "VOC": 0 } } }
{ "INFO": { "NASID": "74:F8:DB:B0:01:24", "PIAP_VERSION": "2.0.2.19", "HW_PART_NO": "\"4\"", "CONSUME_ID": "1474471242", "FIRST_HB": 0, "TIMESTAMP": 1475726126 }, "SYSTEM_INFO": { "KERNEL_VERSION": "3.3.8", "PUBLIC_IP": "216.19.252.42", "ETH_IP": "172.17.254.111", "UPLINK_IP": "172.17.254.111", "UPTIME_REAL": "10219538", "CPU_IDLE_TIME": "9180036", "LOAD_AVG": "0.22 0.17 0.14 1\/47" }, "MEMINFO": { "TOTAL": "126320kB", "FREE": "48948kB", "BUFFERS": "6680kB", "CACHED": "21700kB" }, "INTERFACE_STATS": { "618": { "SSID": "BH-31", "SSID_UNIQ_ID": "618", "BAND": 2, "RX_BYTES": 0, "RX_PACKETS": 0, "RX_BYTES_INT": 0, "RX_PACKETS_INT": 0, "RX_ERRORS": 0, "RX_DROPS": 0, "TX_BYTES": 0, "TX_PACKETS": 0, "TX_BYTES_INT": 0, "TX_PACKETS_INT": 0, "TX_ERRORS": 0, "TX_DROPS": 0, "TX_RATE": 0, "RX_RATE": 0 }, "613": { "SSID": "GreenLight_2.4GHz", "SSID_UNIQ_ID": "613", "BAND": 1, "RX_BYTES": 359331302, "RX_PACKETS": 902271, "RX_BYTES_INT": 0, "RX_PACKETS_INT": 0, "RX_ERRORS": 0, "RX_DROPS": 0, "TX_BYTES": 232692971, "TX_PACKETS": 329722, "TX_BYTES_INT": 0, "TX_PACKETS_INT": 0, "TX_ERRORS": 0, "TX_DROPS": 1697, "TX_RATE": 0, "RX_RATE": 0 }, "614": { "SSID": "GreenLight_5GHz", "SSID_UNIQ_ID": "614", "BAND": 2, "RX_BYTES": 26711440, "RX_PACKETS": 23321, "RX_BYTES_INT": 0, "RX_PACKETS_INT": 0, "RX_ERRORS": 8, "RX_DROPS": 8, "TX_BYTES": 13841372, "TX_PACKETS": 16609, "TX_BYTES_INT": 0, "TX_PACKETS_INT": 0, "TX_ERRORS": 422261, "TX_DROPS": 0, "TX_RATE": 0, "RX_RATE": 0 }, "UPLINK": [ { "UID": "1443", "TYPE": 1, "RX_BYTES": 2985096917, "RX_PACKETS": 572031507, "RX_BYTES_INT": 9037, "RX_PACKETS_INT": 71, "RX_ERRORS": 0, "RX_DROPS": 340647, "TX_BYTES": 2473708081, "TX_PACKETS": 345019528, "TX_BYTES_INT": 4099, "TX_PACKETS_INT": 18, "TX_ERRORS": 0, "TX_DROPS": 0, "TX_RATE": 819, "RX_RATE": 1807 } ], "2267": { "SSID": "GreenLight_CPE", "SSID_UNIQ_ID": "2267", "BAND": 2, "RX_BYTES": 87814832, "RX_PACKETS": 70907, "RX_BYTES_INT": 0, "RX_PACKETS_INT": 0, "RX_ERRORS": 101, "RX_DROPS": 101, "TX_BYTES": 35743403, "TX_PACKETS": 61678, "TX_BYTES_INT": 0, "TX_PACKETS_INT": 0, "TX_ERRORS": 3067, "TX_DROPS": 0, "TX_RATE": 0, "RX_RATE": 0 } }, "WLAN_CLIENTS": [ ], "COMMAND_RESULTS": [ ], "SENSORS_DATA": { "AIR_DATA": { "VOC": 0 } } }
[]
[]
{ "INFO": { "NASID": "00:0C:66:10:70:82", "PIAP_VERSION": "2.0.2.19", "HW_PART_NO": "\"8\"", "CONSUME_ID": "1457553890", "FIRST_HB": 0, "TIMESTAMP": 1475726126 }, "SYSTEM_INFO": { "KERNEL_VERSION": "3.3.8", "PUBLIC_IP": "187.192.2.14", "ETH_IP": "192.168.1.64", "UPLINK_IP": "192.168.1.64", "UPTIME_REAL": "767097", "CPU_IDLE_TIME": "694543", "LOAD_AVG": "0.11 0.24 0.27 1\/49" }, "MEMINFO": { "TOTAL": "126336kB", "FREE": "56248kB", "BUFFERS": "6720kB", "CACHED": "20756kB" }, "INTERFACE_STATS": { "658": { "SSID": "ChilisFreeWiFi", "SSID_UNIQ_ID": "658", "BAND": 1, "RX_BYTES": 3582816820, "RX_PACKETS": 13950202, "RX_BYTES_INT": 0, "RX_PACKETS_INT": 0, "RX_ERRORS": 26, "RX_DROPS": 26, "TX_BYTES": 2348487, "TX_PACKETS": 33270, "TX_BYTES_INT": 0, "TX_PACKETS_INT": 0, "TX_ERRORS": 0, "TX_DROPS": 1, "TX_RATE": 0, "RX_RATE": 0 }, "UPLINK": [ { "UID": "4633", "TYPE": 1, "RX_BYTES": 3879992458, "RX_PACKETS": 19217915, "RX_BYTES_INT": 4675, "RX_PACKETS_INT": 14, "RX_ERRORS": 0, "RX_DROPS": 0, "TX_BYTES": 2070858816, "TX_PACKETS": 24051458, "TX_BYTES_INT": 3584, "TX_PACKETS_INT": 17, "TX_ERRORS": 0, "TX_DROPS": 0, "TX_RATE": 716, "RX_RATE": 935 } ] }, "WLAN_CLIENTS": [ { "DEVICE": "", "SSID_UNIQ_ID": "658", "SSID": "ChilisFreeWiFi", "BAND": 1, "MAC": "d0:59:e4:6d:00:34", "IPADDR": "0.0.0.0", "HOSTNAME": "android-3dc6fd2ed82f88de ( Android LG Nexus 5 & 7 ) ", "DEVICE_TYPE": 5, "RX_BYTES": 6257257, "RX_PACKETS": 11498, "RX_BYTES_INT": 0, "RX_PACKETS_INT": 0, "TX_BYTES": 2034529, "TX_PACKETS": 17848, "TX_BYTES_INT": 28, "TX_PACKETS_INT": 1, "TX_RATE": 5, "RX_RATE": 0, "SIGNAL": "-43_dBm", "SIGNAL_AVG": "-43_dBm", "RX_BITRATE": "59MBits\/s", "TX_BITRATE": "0MBits\/s", "AUTHORIZED": "", "AUTHENTICATED": "" } ], "COMMAND_RESULTS": [ ], "SENSORS_DATA": { "AIR_DATA": { "VOC": 0 } } }
{ "INFO": { "NASID": "00:0C:66:10:70:5E", "PIAP_VERSION": "2.0.2.20", "HW_PART_NO": "\"8\"", "CONSUME_ID": "1463168661", "FIRST_HB": 0, "TIMESTAMP": 1475726125 }, "SYSTEM_INFO": { "KERNEL_VERSION": "3.3.8", "PUBLIC_IP": "31.203.183.124", "ETH_IP": "192.168.1.114", "UPLINK_IP": "192.168.1.114", "UPTIME_REAL": "47120", "CPU_IDLE_TIME": "43896", "LOAD_AVG": "0.16 0.14 0.14 1\/50" }, "MEMINFO": { "TOTAL": "126336kB", "FREE": "56884kB", "BUFFERS": "6676kB", "CACHED": "20772kB" }, "INTERFACE_STATS": { "1170": { "SSID": "ChilisFreeWiFi", "SSID_UNIQ_ID": "1170", "BAND": 1, "RX_BYTES": 946297, "RX_PACKETS": 6254, "RX_BYTES_INT": 0, "RX_PACKETS_INT": 0, "RX_ERRORS": 0, "RX_DROPS": 0, "TX_BYTES": 0, "TX_PACKETS": 0, "TX_BYTES_INT": 0, "TX_PACKETS_INT": 0, "TX_ERRORS": 0, "TX_DROPS": 2, "TX_RATE": 0, "RX_RATE": 0 }, "UPLINK": [ { "UID": "4662", "TYPE": 1, "RX_BYTES": 49451021, "RX_PACKETS": 226623, "RX_BYTES_INT": 5724, "RX_PACKETS_INT": 27, "RX_ERRORS": 0, "RX_DROPS": 0, "TX_BYTES": 23147825, "TX_PACKETS": 122002, "TX_BYTES_INT": 2840, "TX_PACKETS_INT": 15, "TX_ERRORS": 0, "TX_DROPS": 0, "TX_RATE": 568, "RX_RATE": 1144 } ] }, "WLAN_CLIENTS": [ ], "COMMAND_RESULTS": [ ] }
{ "INFO": { "NASID": "00:0C:66:10:70:1F", "PIAP_VERSION": "2.0.2.20", "HW_PART_NO": "\"8\"", "CONSUME_ID": "1460655055", "FIRST_HB": 0, "TIMESTAMP": 1475726126 }, "SYSTEM_INFO": { "KERNEL_VERSION": "3.3.8", "PUBLIC_IP": "220.141.158.126", "ETH_IP": "192.168.1.101", "UPLINK_IP": "192.168.1.101", "UPTIME_REAL": "61064", "CPU_IDLE_TIME": "56422", "LOAD_AVG": "0.21 0.15 0.14 1\/50" }, "MEMINFO": { "TOTAL": "126336kB", "FREE": "56324kB", "BUFFERS": "6676kB", "CACHED": "20792kB" }, "INTERFACE_STATS": { "1166": { "SSID": "ChilisFreeWiFi", "SSID_UNIQ_ID": "1166", "BAND": 1, "RX_BYTES": 21218237, "RX_PACKETS": 194577, "RX_BYTES_INT": 0, "RX_PACKETS_INT": 0, "RX_ERRORS": 0, "RX_DROPS": 0, "TX_BYTES": 0, "TX_PACKETS": 0, "TX_BYTES_INT": 0, "TX_PACKETS_INT": 0, "TX_ERRORS": 0, "TX_DROPS": 1, "TX_RATE": 0, "RX_RATE": 0 }, "UPLINK": [ { "UID": "4602", "TYPE": 1, "RX_BYTES": 410868663, "RX_PACKETS": 480020, "RX_BYTES_INT": 4932, "RX_PACKETS_INT": 19, "RX_ERRORS": 0, "RX_DROPS": 14, "TX_BYTES": 55089110, "TX_PACKETS": 400449, "TX_BYTES_INT": 3488, "TX_PACKETS_INT": 17, "TX_ERRORS": 0, "TX_DROPS": 0, "TX_RATE": 697, "RX_RATE": 986 } ] }, "WLAN_CLIENTS": [ { "DEVICE": "", "SSID_UNIQ_ID": "1166", "SSID": "ChilisFreeWiFi", "BAND": 1, "MAC": "a4:67:06:0f:32:29", "IPADDR": "192.168.222.65", "HOSTNAME": "iPad ( Apple iPod, iPhone or iPad ) ", "DEVICE_TYPE": 7, "RX_BYTES": 0, "RX_PACKETS": 0, "RX_BYTES_INT": 0, "RX_PACKETS_INT": 0, "TX_BYTES": 0, "TX_PACKETS": 0, "TX_BYTES_INT": 0, "TX_PACKETS_INT": 0, "TX_RATE": 0, "RX_RATE": 0, "SIGNAL": "160_dBm", "SIGNAL_AVG": "160_dBm", "RX_BITRATE": "0MBits\/s", "TX_BITRATE": "0MBits\/s", "AUTHORIZED": "", "AUTHENTICATED": "" } ], "COMMAND_RESULTS": [ ] }
[]
[]
[]
{ "INFO": { "NASID": "74:F8:DB:B0:00:52", "PIAP_VERSION": "2.0.2.20", "HW_PART_NO": "\"4\"", "CONSUME_ID": "1474471244", "FIRST_HB": 0, "TIMESTAMP": 1475726126 }, "SYSTEM_INFO": { "KERNEL_VERSION": "3.3.8", "PUBLIC_IP": "216.19.252.42", "ETH_IP": "172.17.254.154", "UPLINK_IP": "172.17.254.154", "UPTIME_REAL": "10219537", "CPU_IDLE_TIME": "9218696", "LOAD_AVG": "0.1 0.12 0.13 1\/47" }, "MEMINFO": { "TOTAL": "126320kB", "FREE": "48572kB", "BUFFERS": "6764kB", "CACHED": "21868kB" }, "INTERFACE_STATS": { "700": { "SSID": "GreenLight_CPE", "SSID_UNIQ_ID": "700", "BAND": 2, "RX_BYTES": 0, "RX_PACKETS": 0, "RX_BYTES_INT": 0, "RX_PACKETS_INT": 0, "RX_ERRORS": 0, "RX_DROPS": 0, "TX_BYTES": 0, "TX_PACKETS": 0, "TX_BYTES_INT": 0, "TX_PACKETS_INT": 0, "TX_ERRORS": 0, "TX_DROPS": 0, "TX_RATE": 0, "RX_RATE": 0 }, "514": { "SSID": "GreenLight_5GHz", "SSID_UNIQ_ID": "514", "BAND": 2, "RX_BYTES": 196394320, "RX_PACKETS": 3495269, "RX_BYTES_INT": 0, "RX_PACKETS_INT": 0, "RX_ERRORS": 2911, "RX_DROPS": 2911, "TX_BYTES": 4045163024, "TX_PACKETS": 6332401, "TX_BYTES_INT": 0, "TX_PACKETS_INT": 0, "TX_ERRORS": 3881355, "TX_DROPS": 0, "TX_RATE": 0, "RX_RATE": 0 }, "524": { "SSID": "GreenLight_2.4GHz", "SSID_UNIQ_ID": "524", "BAND": 1, "RX_BYTES": 178483319, "RX_PACKETS": 1004494, "RX_BYTES_INT": 0, "RX_PACKETS_INT": 0, "RX_ERRORS": 2, "RX_DROPS": 2, "TX_BYTES": 1435179462, "TX_PACKETS": 1333732, "TX_BYTES_INT": 0, "TX_PACKETS_INT": 0, "TX_ERRORS": 0, "TX_DROPS": 2988, "TX_RATE": 0, "RX_RATE": 0 }, "UPLINK": [ { "UID": "3126", "TYPE": 1, "RX_BYTES": 2728884470, "RX_PACKETS": 271021297, "RX_BYTES_INT": 9243, "RX_PACKETS_INT": 72, "RX_ERRORS": 0, "RX_DROPS": 340647, "TX_BYTES": 3224698063, "TX_PACKETS": 81877752, "TX_BYTES_INT": 4269, "TX_PACKETS_INT": 17, "TX_ERRORS": 0, "TX_DROPS": 0, "TX_RATE": 853, "RX_RATE": 1848 } ] }, "WLAN_CLIENTS": [ { "DEVICE": "", "SSID_UNIQ_ID": "524", "SSID": "GreenLight_2.4GHz", "BAND": 1, "MAC": "40:88:05:2f:bb:9b", "IPADDR": "0.0.0.0", "HOSTNAME": "android-ab2dfcca15aa0077 ( Generic Android ) ", "DEVICE_TYPE": 5, "RX_BYTES": 18977, "RX_PACKETS": 46, "RX_BYTES_INT": 0, "RX_PACKETS_INT": 0, "TX_BYTES": 13170, "TX_PACKETS": 128, "TX_BYTES_INT": 0, "TX_PACKETS_INT": 0, "TX_RATE": 0, "RX_RATE": 0, "SIGNAL": "-70_dBm", "SIGNAL_AVG": "-70_dBm", "RX_BITRATE": "3MBits\/s", "TX_BITRATE": "4MBits\/s", "AUTHORIZED": "", "AUTHENTICATED": "" } ], "COMMAND_RESULTS": [ ], "SENSORS_DATA": { "AIR_DATA": { "VOC": 0 } } }
{ "INFO": { "NASID": "00:0C:66:10:4A:4D", "PIAP_VERSION": "2.0.2.18", "HW_PART_NO": "\"5\"", "CONSUME_ID": "1449227679", "FIRST_HB": 0, "TIMESTAMP": 1475726123 }, "SYSTEM_INFO": { "KERNEL_VERSION": "3.10.14", "PUBLIC_IP": "111.93.227.220", "ETH_IP": "172.16.0.97", "UPLINK_IP": "172.16.0.97", "UPTIME_REAL": "9880", "CPU_IDLE_TIME": "8972", "LOAD_AVG": "0.06 0.14 0.14 1\/35" }, "MEMINFO": { "TOTAL": "61408kB", "FREE": "22476kB", "BUFFERS": "3472kB", "CACHED": "13984kB" }, "INTERFACE_STATS": { "170": { "SSID": "SSU", "SSID_UNIQ_ID": "170", "BAND": 1, "RX_BYTES": 0, "RX_PACKETS": 0, "RX_BYTES_INT": 0, "RX_PACKETS_INT": 0, "RX_ERRORS": 0, "RX_DROPS": 0, "TX_BYTES": 0, "TX_PACKETS": 0, "TX_BYTES_INT": 0, "TX_PACKETS_INT": 0, "TX_ERRORS": 0, "TX_DROPS": 0, "TX_RATE": 0, "RX_RATE": 0 }, "UPLINK": { "RX_BYTES": 39316349, "RX_PACKETS": 359047, "RX_BYTES_INT": 40434, "RX_PACKETS_INT": 364, "RX_ERRORS": 0, "RX_DROPS": 357, "TX_BYTES": 3282975, "TX_PACKETS": 19077, "TX_BYTES_INT": 2879, "TX_PACKETS_INT": 17, "TX_ERRORS": 0, "TX_DROPS": 0, "TX_RATE": 287, "RX_RATE": 4043 } }, "WLAN_CLIENTS": [ ], "COMMAND_RESULTS": [ ], "SENSORS_DATA": { "AIR_DATA": { "VOC": 0 } } }
[]
{ "INFO": { "NASID": "78:A3:51:15:AD:A2", "PIAP_VERSION": "2.0.2.21", "HW_PART_NO": "\"6\"", "CONSUME_ID": "1468669263", "FIRST_HB": 0, "TIMESTAMP": 1475726125 }, "SYSTEM_INFO": { "KERNEL_VERSION": "3.10.14", "PUBLIC_IP": "223.186.79.196", "UPTIME_REAL": "98129", "CPU_IDLE_TIME": "89283", "LOAD_AVG": "0.02 0.1 0.12 1\/42" }, "MEMINFO": { "TOTAL": "61400kB", "FREE": "16372kB", "BUFFERS": "4680kB", "CACHED": "15540kB" }, "INTERFACE_STATS": { "LAN": { "RX_BYTES": 1745092, "RX_PACKETS": 21526, "RX_BYTES_INT": 0, "RX_PACKETS_INT": 0, "RX_ERRORS": 0, "RX_DROPS": 0, "TX_BYTES": 1978432, "TX_PACKETS": 21280, "TX_BYTES_INT": 0, "TX_PACKETS_INT": 0, "TX_ERRORS": 0, "TX_DROPS": 0, "TX_RATE": 0, "RX_RATE": 0 }, "UPLINK": [ { "UID": "6485", "TYPE": 4, "UPLINK_IP": "100.98.198.239", "MOBILE_STATUS": "Network:  LTE TDD, Signal: -51 dBm |  IMEI: 862234024195788 | IMSI: 404450931762411", "RX_BYTES": 1537803, "RX_PACKETS": 5066, "RX_BYTES_INT": 4723, "RX_PACKETS_INT": 14, "RX_ERRORS": 0, "RX_DROPS": 0, "TX_BYTES": 1314607, "TX_PACKETS": 6365, "TX_BYTES_INT": 3999, "TX_PACKETS_INT": 18, "TX_ERRORS": 0, "TX_DROPS": 0, "TX_RATE": 703, "RX_RATE": 915 }, { "UID": "6358", "TYPE": 1, "UPLINK_IP": "0.0.0.0", "RX_BYTES": 0, "RX_PACKETS": 0, "RX_BYTES_INT": 0, "RX_PACKETS_INT": 0, "RX_ERRORS": 0, "RX_DROPS": 0, "TX_BYTES": 11380852, "TX_PACKETS": 35634, "TX_BYTES_INT": 1026, "TX_PACKETS_INT": 3, "TX_ERRORS": 0, "TX_DROPS": 0, "TX_RATE": 68, "RX_RATE": 0 } ], "2170": { "SSID": "Infosys_200", "SSID_UNIQ_ID": "2170", "BAND": 1, "RX_BYTES": 9086432, "RX_PACKETS": 59425, "RX_BYTES_INT": 0, "RX_PACKETS_INT": 0, "RX_ERRORS": 5, "RX_DROPS": 0, "TX_BYTES": 32444010, "TX_PACKETS": 62392, "TX_BYTES_INT": 0, "TX_PACKETS_INT": 0, "TX_ERRORS": 0, "TX_DROPS": 0, "TX_RATE": 0, "RX_RATE": 0 } }, "WLAN_CLIENTS": [ { "TYPE": "1", "WIRED_UNIQ_ID": "192", "MAC": "B8:27:EB:22:6D:D5", "IPADDR": "192.168.4.2", "HOSTNAME": "raspberrypi ( Generic Linux ) ", "DEVICE_TYPE": 4, "RX_BYTES": 1612315, "RX_PACKETS": 19092, "RX_BYTES_INT": 0, "RX_PACKETS_INT": 0, "TX_BYTES": 1612542, "TX_PACKETS": 18875, "TX_BYTES_INT": 0, "TX_PACKETS_INT": 0, "TX_RATE": 0, "RX_RATE": 0 } ], "COMMAND_RESULTS": [ ] }
[]
{ "INFO": { "NASID": "00:0C:66:20:41:90", "PIAP_VERSION": "2.0.2.20", "HW_PART_NO": "\"3\"", "CONSUME_ID": "1468483054", "FIRST_HB": 0, "TIMESTAMP": 1475726125 }, "SYSTEM_INFO": { "KERNEL_VERSION": "3.3.8", "PUBLIC_IP": "120.138.116.123", "UPTIME_REAL": "2158903", "CPU_IDLE_TIME": "2010610", "LOAD_AVG": "0.09 0.09 0.12 1\/46" }, "MEMINFO": { "TOTAL": "126320kB", "FREE": "53888kB", "BUFFERS": "6404kB", "CACHED": "20364kB" }, "INTERFACE_STATS": { "1315": { "SSID": "IIHM", "SSID_UNIQ_ID": "1315", "BAND": 2, "RX_BYTES": 0, "RX_PACKETS": 0, "RX_BYTES_INT": 0, "RX_PACKETS_INT": 0, "RX_ERRORS": 0, "RX_DROPS": 0, "TX_BYTES": 0, "TX_PACKETS": 0, "TX_BYTES_INT": 0, "TX_PACKETS_INT": 0, "TX_ERRORS": 0, "TX_DROPS": 0, "TX_RATE": 0, "RX_RATE": 0 }, "1314": { "SSID": "IIHM", "SSID_UNIQ_ID": "1314", "BAND": 1, "RX_BYTES": 3747929496, "RX_PACKETS": 17754357, "RX_BYTES_INT": 0, "RX_PACKETS_INT": 0, "RX_ERRORS": 0, "RX_DROPS": 0, "TX_BYTES": 3105837648, "TX_PACKETS": 22016417, "TX_BYTES_INT": 0, "TX_PACKETS_INT": 0, "TX_ERRORS": 0, "TX_DROPS": 344948, "TX_RATE": 0, "RX_RATE": 0 }, "UPLINK": [ { "UID": "5257", "TYPE": 1, "UPLINK_IP": "192.168.4.25", "RX_BYTES": 3954959549, "RX_PACKETS": 24720501, "RX_BYTES_INT": 4565, "RX_PACKETS_INT": 13, "RX_ERRORS": 0, "RX_DROPS": 0, "TX_BYTES": 238263979, "TX_PACKETS": 22752472, "TX_BYTES_INT": 3287, "TX_PACKETS_INT": 17, "TX_ERRORS": 0, "TX_DROPS": 0, "TX_RATE": 657, "RX_RATE": 913 } ] }, "WLAN_CLIENTS": [ ], "COMMAND_RESULTS": [ ] }
[]
[]
{ "INFO": { "NASID": "00:0C:66:10:3F:FD", "PIAP_VERSION": "2.0.2.18", "HW_PART_NO": "\"5\"", "CONSUME_ID": "1445325327", "FIRST_HB": 0, "TIMESTAMP": 1475726124 }, "SYSTEM_INFO": { "KERNEL_VERSION": "3.10.14", "PUBLIC_IP": "111.93.227.220", "ETH_IP": "172.16.0.101", "UPLINK_IP": "172.16.0.101", "UPTIME_REAL": "9865", "CPU_IDLE_TIME": "8969", "LOAD_AVG": "0.05 0.11 0.13 1\/35" }, "MEMINFO": { "TOTAL": "61408kB", "FREE": "22084kB", "BUFFERS": "3472kB", "CACHED": "13984kB" }, "INTERFACE_STATS": { "170": { "SSID": "SSU", "SSID_UNIQ_ID": "170", "BAND": 1, "RX_BYTES": 511, "RX_PACKETS": 5, "RX_BYTES_INT": 0, "RX_PACKETS_INT": 0, "RX_ERRORS": 0, "RX_DROPS": 0, "TX_BYTES": 374, "TX_PACKETS": 2, "TX_BYTES_INT": 0, "TX_PACKETS_INT": 0, "TX_ERRORS": 0, "TX_DROPS": 0, "TX_RATE": 0, "RX_RATE": 0 }, "UPLINK": { "RX_BYTES": 39191031, "RX_PACKETS": 358367, "RX_BYTES_INT": 38897, "RX_PACKETS_INT": 348, "RX_ERRORS": 0, "RX_DROPS": 367, "TX_BYTES": 3291481, "TX_PACKETS": 19052, "TX_BYTES_INT": 2669, "TX_PACKETS_INT": 15, "TX_ERRORS": 0, "TX_DROPS": 0, "TX_RATE": 266, "RX_RATE": 3889 } }, "WLAN_CLIENTS": [ ], "COMMAND_RESULTS": [ ], "SENSORS_DATA": { "AIR_DATA": { "VOC": 0 } } }
[]
{ "INFO": { "NASID": "00:0C:66:10:6F:80", "PIAP_VERSION": "2.0.2.20", "HW_PART_NO": "\"8\"", "CONSUME_ID": "1465936960", "FIRST_HB": 0, "TIMESTAMP": 1475726125 }, "SYSTEM_INFO": { "KERNEL_VERSION": "3.3.8", "PUBLIC_IP": "2.90.28.119", "ETH_IP": "192.168.1.9", "UPLINK_IP": "192.168.1.9", "UPTIME_REAL": "34371", "CPU_IDLE_TIME": "31651", "LOAD_AVG": "0.18 0.12 0.14 1\/50" }, "MEMINFO": { "TOTAL": "126336kB", "FREE": "56212kB", "BUFFERS": "6676kB", "CACHED": "20800kB" }, "INTERFACE_STATS": { "1169": { "SSID": "ChilisFreeWiFi", "SSID_UNIQ_ID": "1169", "BAND": 1, "RX_BYTES": 50106730, "RX_PACKETS": 285799, "RX_BYTES_INT": 1751, "RX_PACKETS_INT": 14, "RX_ERRORS": 0, "RX_DROPS": 0, "TX_BYTES": 103025, "TX_PACKETS": 1569, "TX_BYTES_INT": 0, "TX_PACKETS_INT": 0, "TX_ERRORS": 0, "TX_DROPS": 0, "TX_RATE": 0, "RX_RATE": 175 }, "UPLINK": [ { "UID": "4643", "TYPE": 1, "RX_BYTES": 198552945, "RX_PACKETS": 337263, "RX_BYTES_INT": 5036, "RX_PACKETS_INT": 16, "RX_ERRORS": 0, "RX_DROPS": 0, "TX_BYTES": 61456410, "TX_PACKETS": 359657, "TX_BYTES_INT": 3641, "TX_PACKETS_INT": 19, "TX_ERRORS": 0, "TX_DROPS": 0, "TX_RATE": 364, "RX_RATE": 503 } ] }, "WLAN_CLIENTS": [ { "DEVICE": "", "SSID_UNIQ_ID": "1169", "SSID": "ChilisFreeWiFi", "BAND": 1, "MAC": "d8:c4:e9:e8:9a:e5", "IPADDR": "0.0.0.0", "HOSTNAME": "android-a009a1b7a60ad828 ( Generic Android ) ", "DEVICE_TYPE": 5, "RX_BYTES": 3339728, "RX_PACKETS": 11533, "RX_BYTES_INT": 2182, "RX_PACKETS_INT": 13, "TX_BYTES": 3358535, "TX_PACKETS": 54541, "TX_BYTES_INT": 3693, "TX_PACKETS_INT": 78, "TX_RATE": 369, "RX_RATE": 218, "SIGNAL": "-89_dBm", "SIGNAL_AVG": "-89_dBm", "RX_BITRATE": "1MBits\/s", "TX_BITRATE": "0MBits\/s", "AUTHORIZED": "", "AUTHENTICATED": "" } ], "COMMAND_RESULTS": [ ] }
[]
{ "INFO": { "NASID": "00:0C:66:21:DC:10", "PIAP_VERSION": "2.0.2.20", "HW_PART_NO": "\"4\"", "CONSUME_ID": "1468593998", "FIRST_HB": 0, "TIMESTAMP": 1475726126 }, "SYSTEM_INFO": { "KERNEL_VERSION": "3.3.8", "PUBLIC_IP": "216.19.252.42", "ETH_IP": "192.168.188.1", "UPLINK_IP": "192.168.188.1", "UPTIME_REAL": "234023", "CPU_IDLE_TIME": "214957", "LOAD_AVG": "0.21 0.19 0.16 1\/46" }, "MEMINFO": { "TOTAL": "126320kB", "FREE": "58792kB", "BUFFERS": "6496kB", "CACHED": "21416kB" }, "INTERFACE_STATS": { "UPLINK": [ { "UID": "6950", "TYPE": 2, "SSID": "GreenLight_CPE", "AP_MAC": "74:f8:db:b0:00:70", "SIGNAL": "-55 dBm", "FREQ": "5.220 GHz", "TX_BITRATE": "866 Mbps", "RX_BYTES": 3473283881, "RX_PACKETS": 7508927, "RX_BYTES_INT": 89808, "RX_PACKETS_INT": 93, "RX_ERRORS": 238, "RX_DROPS": 238, "TX_BYTES": 1435875469, "TX_PACKETS": 3417110, "TX_BYTES_INT": 7036, "TX_PACKETS_INT": 45, "TX_ERRORS": 464, "TX_DROPS": 0, "TX_RATE": 1407, "RX_RATE": 17961 } ] }, "WLAN_CLIENTS": [ ], "COMMAND_RESULTS": [ ], "SENSORS_DATA": { "AIR_DATA": { "VOC": 0 } } }
[]
{ "INFO": { "NASID": "00:0C:66:20:47:C0", "PIAP_VERSION": "2.0.2.19", "HW_PART_NO": "\"3\"", "CONSUME_ID": "1473402345", "FIRST_HB": 0, "TIMESTAMP": 1475726125 }, "SYSTEM_INFO": { "KERNEL_VERSION": "3.3.8", "PUBLIC_IP": "112.133.245.154", "ETH_IP": "100.70.12.158", "UPLINK_IP": "100.70.12.158", "UPTIME_REAL": "920941", "CPU_IDLE_TIME": "846343", "LOAD_AVG": "0.16 0.18 0.15 1\/45" }, "MEMINFO": { "TOTAL": "126320kB", "FREE": "48832kB", "BUFFERS": "6368kB", "CACHED": "20764kB" }, "INTERFACE_STATS": { "1009": { "SSID": "Secretariat Public Wi-Fi", "SSID_UNIQ_ID": "1009", "BAND": 2, "RX_BYTES": 2772271344, "RX_PACKETS": 2139631, "RX_BYTES_INT": 0, "RX_PACKETS_INT": 0, "RX_ERRORS": 177, "RX_DROPS": 177, "TX_BYTES": 4177187137, "TX_PACKETS": 3139802, "TX_BYTES_INT": 0, "TX_PACKETS_INT": 0, "TX_ERRORS": 743923, "TX_DROPS": 1675704, "TX_RATE": 0, "RX_RATE": 0 }, "1001": { "SSID": "Secretariat Public Wi-Fi", "SSID_UNIQ_ID": "1001", "BAND": 1, "RX_BYTES": 3326560553, "RX_PACKETS": 18584172, "RX_BYTES_INT": 0, "RX_PACKETS_INT": 0, "RX_ERRORS": 0, "RX_DROPS": 0, "TX_BYTES": 1924690094, "TX_PACKETS": 30095412, "TX_BYTES_INT": 5511, "TX_PACKETS_INT": 33, "TX_ERRORS": 0, "TX_DROPS": 398351, "TX_RATE": 551, "RX_RATE": 0 }, "UPLINK": [ { "UID": "5012", "TYPE": 1, "RX_BYTES": 1854074870, "RX_PACKETS": 35566599, "RX_BYTES_INT": 9513, "RX_PACKETS_INT": 46, "RX_ERRORS": 0, "RX_DROPS": 30693, "TX_BYTES": 3766697320, "TX_PACKETS": 23092221, "TX_BYTES_INT": 3440, "TX_PACKETS_INT": 17, "TX_ERRORS": 0, "TX_DROPS": 0, "TX_RATE": 344, "RX_RATE": 951 } ] }, "WLAN_CLIENTS": [ ], "COMMAND_RESULTS": [ ], "SENSORS_DATA": { "AIR_DATA": { "VOC": 0 } } }
[]
{ "INFO": { "NASID": "00:0C:66:10:33:E8", "PIAP_VERSION": "2.0.2.18", "HW_PART_NO": "\"1\"", "CONSUME_ID": "1447411448", "FIRST_HB": 0, "TIMESTAMP": 1475726125 }, "SYSTEM_INFO": { "KERNEL_VERSION": "3.10.49", "PUBLIC_IP": "122.252.232.226", "ETH_IP": "10.0.193.59", "UPLINK_IP": "10.0.193.59", "UPTIME_REAL": "527", "CPU_IDLE_TIME": "420", "LOAD_AVG": "0.07 0.15 0.09 1\/38" }, "MEMINFO": { "TOTAL": "61996kB", "FREE": "25772kB", "BUFFERS": "3388kB", "CACHED": "12672kB" }, "INTERFACE_STATS": { "662": { "SSID": "Railware", "SSID_UNIQ_ID": "662", "BAND": 1, "RX_BYTES": 1748414, "RX_PACKETS": 14392, "RX_BYTES_INT": 10021, "RX_PACKETS_INT": 112, "RX_ERRORS": 0, "RX_DROPS": 0, "TX_BYTES": 16273252, "TX_PACKETS": 27162, "TX_BYTES_INT": 398501, "TX_PACKETS_INT": 368, "TX_ERRORS": 0, "TX_DROPS": 0, "TX_RATE": 79700, "RX_RATE": 2004 }, "UPLINK": { "RX_BYTES": 16228048, "RX_PACKETS": 29390, "RX_BYTES_INT": 396829, "RX_PACKETS_INT": 384, "RX_ERRORS": 0, "RX_DROPS": 82, "TX_BYTES": 2352097, "TX_PACKETS": 15801, "TX_BYTES_INT": 21650, "TX_PACKETS_INT": 135, "TX_ERRORS": 0, "TX_DROPS": 0, "TX_RATE": 4330, "RX_RATE": 79365 } }, "WLAN_CLIENTS": [ { "DEVICE": "wlan0", "SSID_UNIQ_ID": "662", "SSID": "Railware", "BAND": 1, "MAC": "f8:a9:d0:1f:18:68", "IPADDR": "10.0.197.188", "HOSTNAME": "android-812abee99568edea ( Generic Android ) ", "DEVICE_TYPE": 5, "RX_BYTES": 536, "RX_PACKETS": 2, "RX_BYTES_INT": 536, "RX_PACKETS_INT": 2, "TX_BYTES": 227, "TX_PACKETS": 4, "TX_BYTES_INT": 227, "TX_PACKETS_INT": 4, "TX_RATE": 45, "RX_RATE": 107, "SIGNAL": "-79_dBm", "SIGNAL_AVG": "-77_dBm", "RX_BITRATE": "1.0MBit\/s", "TX_BITRATE": "6.5MBit\/s", "AUTHORIZED": "yes", "AUTHENTICATED": "yes" }, { "DEVICE": "wlan0", "SSID_UNIQ_ID": "662", "SSID": "Railware", "BAND": 1, "MAC": "84:73:03:ee:ee:82", "IPADDR": "10.0.197.38", "HOSTNAME": "android-51fcc03a981ff415 ( Generic Android ) ", "DEVICE_TYPE": 5, "RX_BYTES": 2644, "RX_PACKETS": 22, "RX_BYTES_INT": 583, "RX_PACKETS_INT": 1, "TX_BYTES": 1792, "TX_PACKETS": 30, "TX_BYTES_INT": 48, "TX_PACKETS_INT": 2, "TX_RATE": 9, "RX_RATE": 116, "SIGNAL": "-73_dBm", "SIGNAL_AVG": "-75_dBm", "RX_BITRATE": "1.0MBit\/s", "TX_BITRATE": "28.9MBit\/s", "AUTHORIZED": "yes", "AUTHENTICATED": "yes" }, { "DEVICE": "wlan0", "SSID_UNIQ_ID": "662", "SSID": "Railware", "BAND": 1, "MAC": "54:27:58:3d:42:67", "IPADDR": "10.0.199.55", "HOSTNAME": "android-f042f01aa166d369 ( Generic Android ) ", "DEVICE_TYPE": 5, "RX_BYTES": 49503, "RX_PACKETS": 139, "RX_BYTES_INT": 113, "RX_PACKETS_INT": 2, "TX_BYTES": 18065, "TX_PACKETS": 184, "TX_BYTES_INT": 185, "TX_PACKETS_INT": 7, "TX_RATE": 37, "RX_RATE": 22, "SIGNAL": "-63_dBm", "SIGNAL_AVG": "-64_dBm", "RX_BITRATE": "1.0MBit\/s", "TX_BITRATE": "26.0MBit\/s", "AUTHORIZED": "yes", "AUTHENTICATED": "yes" }, { "DEVICE": "wlan0", "SSID_UNIQ_ID": "662", "SSID": "Railware", "BAND": 1, "MAC": "bc:d1:d3:3a:08:33", "IPADDR": "0.0.0.0", "HOSTNAME": "android-d0f8ea0d263ed323 ( Generic Android ) ", "DEVICE_TYPE": 5, "RX_BYTES": 0, "RX_PACKETS": 0, "RX_BYTES_INT": 0, "RX_PACKETS_INT": 0, "TX_BYTES": 1978, "TX_PACKETS": 13, "TX_BYTES_INT": 0, "TX_PACKETS_INT": 0, "TX_RATE": 0, "RX_RATE": 0, "SIGNAL": "-69_dBm", "SIGNAL_AVG": "-68_dBm", "RX_BITRATE": "1.0MBit\/s", "TX_BITRATE": "1.0MBit\/s", "AUTHORIZED": "yes", "AUTHENTICATED": "yes" }, { "DEVICE": "wlan0", "SSID_UNIQ_ID": "662", "SSID": "Railware", "BAND": 1, "MAC": "80:6a:b0:43:77:e0", "IPADDR": "10.0.197.104", "HOSTNAME": "android-7ad4d7ad776a0fb0 ( Generic Android ) ", "DEVICE_TYPE": 5, "RX_BYTES": 45303, "RX_PACKETS": 137, "RX_BYTES_INT": 30, "RX_PACKETS_INT": 1, "TX_BYTES": 16509, "TX_PACKETS": 192, "TX_BYTES_INT": 24, "TX_PACKETS_INT": 1, "TX_RATE": 4, "RX_RATE": 6, "SIGNAL": "-61_dBm", "SIGNAL_AVG": "-60_dBm", "RX_BITRATE": "1.0MBit\/s", "TX_BITRATE": "19.5MBit\/s", "AUTHORIZED": "yes", "AUTHENTICATED": "yes" }, { "DEVICE": "wlan0", "SSID_UNIQ_ID": "662", "SSID": "Railware", "BAND": 1, "MAC": "94:eb:cd:6a:12:6a", "IPADDR": "10.0.199.101", "HOSTNAME": "BLACKBERRY-E94C", "DEVICE_TYPE": 8, "RX_BYTES": 100294, "RX_PACKETS": 282, "RX_BYTES_INT": 1191, "RX_PACKETS_INT": 9, "TX_BYTES": 56738, "TX_PACKETS": 637, "TX_BYTES_INT": 1667, "TX_PACKETS_INT": 33, "TX_RATE": 333, "RX_RATE": 238, "SIGNAL": "-73_dBm", "SIGNAL_AVG": "-70_dBm", "RX_BITRATE": "2.0MBit\/s", "TX_BITRATE": "21.7MBit\/s", "AUTHORIZED": "yes", "AUTHENTICATED": "yes" }, { "DEVICE": "wlan0", "SSID_UNIQ_ID": "662", "SSID": "Railware", "BAND": 1, "MAC": "98:10:94:e1:75:4e", "IPADDR": "10.0.197.219", "HOSTNAME": "android-9c07b8b87fe6d1c8 ( Generic Android ) ", "DEVICE_TYPE": 5, "RX_BYTES": 116451, "RX_PACKETS": 276, "RX_BYTES_INT": 30, "RX_PACKETS_INT": 1, "TX_BYTES": 46413, "TX_PACKETS": 407, "TX_BYTES_INT": 0, "TX_PACKETS_INT": 0, "TX_RATE": 0, "RX_RATE": 6, "SIGNAL": "-57_dBm", "SIGNAL_AVG": "-60_dBm", "RX_BITRATE": "1.0MBit\/s", "TX_BITRATE": "39.0MBit\/s", "AUTHORIZED": "yes", "AUTHENTICATED": "yes" }, { "DEVICE": "wlan0", "SSID_UNIQ_ID": "662", "SSID": "Railware", "BAND": 1, "MAC": "e0:98:61:c7:c7:4d", "IPADDR": "10.0.197.37", "HOSTNAME": "android-b482c2fbf450ec07", "DEVICE_TYPE": 5, "RX_BYTES": 87698, "RX_PACKETS": 212, "RX_BYTES_INT": 0, "RX_PACKETS_INT": 0, "TX_BYTES": 36381, "TX_PACKETS": 319, "TX_BYTES_INT": 0, "TX_PACKETS_INT": 0, "TX_RATE": 0, "RX_RATE": 0, "SIGNAL": "-79_dBm", "SIGNAL_AVG": "-73_dBm", "RX_BITRATE": "6.0MBit\/s", "TX_BITRATE": "19.5MBit\/s", "AUTHORIZED": "yes", "AUTHENTICATED": "yes" }, { "DEVICE": "wlan0", "SSID_UNIQ_ID": "662", "SSID": "Railware", "BAND": 1, "MAC": "80:01:84:77:df:40", "IPADDR": "10.0.199.21", "HOSTNAME": "android-36633890d7da445c ( Generic Android ) ", "DEVICE_TYPE": 5, "RX_BYTES": 211684, "RX_PACKETS": 523, "RX_BYTES_INT": 0, "RX_PACKETS_INT": 0, "TX_BYTES": 45920, "TX_PACKETS": 377, "TX_BYTES_INT": 0, "TX_PACKETS_INT": 0, "TX_RATE": 0, "RX_RATE": 0, "SIGNAL": "-67_dBm", "SIGNAL_AVG": "-65_dBm", "RX_BITRATE": "1.0MBit\/s", "TX_BITRATE": "5.5MBit\/s", "AUTHORIZED": "yes", "AUTHENTICATED": "yes" }, { "DEVICE": "wlan0", "SSID_UNIQ_ID": "662", "SSID": "Railware", "BAND": 1, "MAC": "00:0a:00:00:9f:51", "IPADDR": "10.0.198.169", "HOSTNAME": "android-4b96a01d5771a0f9 ( Generic Android ) ", "DEVICE_TYPE": 5, "RX_BYTES": 116980, "RX_PACKETS": 397, "RX_BYTES_INT": 94, "RX_PACKETS_INT": 1, "TX_BYTES": 50028, "TX_PACKETS": 413, "TX_BYTES_INT": 739, "TX_PACKETS_INT": 5, "TX_RATE": 147, "RX_RATE": 18, "SIGNAL": "-77_dBm", "SIGNAL_AVG": "-75_dBm", "RX_BITRATE": "1.0MBit\/s", "TX_BITRATE": "13.0MBit\/s", "AUTHORIZED": "yes", "AUTHENTICATED": "yes" }, { "DEVICE": "wlan0", "SSID_UNIQ_ID": "662", "SSID": "Railware", "BAND": 1, "MAC": "50:c8:e5:aa:b7:0e", "IPADDR": "10.0.199.75", "HOSTNAME": "android-a65efff5b90f7d88 ( Generic Android ) ", "DEVICE_TYPE": 5, "RX_BYTES": 10757887, "RX_PACKETS": 10392, "RX_BYTES_INT": 379998, "RX_PACKETS_INT": 347, "TX_BYTES": 721105, "TX_PACKETS": 5281, "TX_BYTES_INT": 7950, "TX_PACKETS_INT": 79, "TX_RATE": 1590, "RX_RATE": 75999, "SIGNAL": "-69_dBm", "SIGNAL_AVG": "-68_dBm", "RX_BITRATE": "5.5MBit\/s", "TX_BITRATE": "26.0MBit\/s", "AUTHORIZED": "yes", "AUTHENTICATED": "yes" }, { "DEVICE": "wlan0", "SSID_UNIQ_ID": "662", "SSID": "Railware", "BAND": 1, "MAC": "e8:91:20:04:d9:18", "IPADDR": "10.0.197.118", "HOSTNAME": "android-dfd9d44e710ef956", "DEVICE_TYPE": 5, "RX_BYTES": 245570, "RX_PACKETS": 858, "RX_BYTES_INT": 0, "RX_PACKETS_INT": 0, "TX_BYTES": 113310, "TX_PACKETS": 1180, "TX_BYTES_INT": 0, "TX_PACKETS_INT": 0, "TX_RATE": 0, "RX_RATE": 0, "SIGNAL": "-65_dBm", "SIGNAL_AVG": "-70_dBm", "RX_BITRATE": "6.0MBit\/s", "TX_BITRATE": "43.3MBit\/s", "AUTHORIZED": "yes", "AUTHENTICATED": "yes" }, { "DEVICE": "wlan0", "SSID_UNIQ_ID": "662", "SSID": "Railware", "BAND": 1, "MAC": "00:90:4c:f6:e7:39", "IPADDR": "10.0.198.67", "HOSTNAME": "android-b7042fdc6a49f5b ( Generic Android ) ", "DEVICE_TYPE": 5, "RX_BYTES": 904188, "RX_PACKETS": 2699, "RX_BYTES_INT": 8333, "RX_PACKETS_INT": 22, "TX_BYTES": 229006, "TX_PACKETS": 1864, "TX_BYTES_INT": 2515, "TX_PACKETS_INT": 25, "TX_RATE": 503, "RX_RATE": 1666, "SIGNAL": "-77_dBm", "SIGNAL_AVG": "-76_dBm", "RX_BITRATE": "1.0MBit\/s", "TX_BITRATE": "7.2MBit\/s", "AUTHORIZED": "yes", "AUTHENTICATED": "yes" }, { "DEVICE": "wlan0", "SSID_UNIQ_ID": "662", "SSID": "Railware", "BAND": 1, "MAC": "30:c7:ae:26:45:f3", "IPADDR": "10.0.197.2", "HOSTNAME": "android-a408497d3ab39541 ( Generic Android ) ", "DEVICE_TYPE": 5, "RX_BYTES": 72516, "RX_PACKETS": 225, "RX_BYTES_INT": 0, "RX_PACKETS_INT": 0, "TX_BYTES": 22478, "TX_PACKETS": 399, "TX_BYTES_INT": 24, "TX_PACKETS_INT": 1, "TX_RATE": 4, "RX_RATE": 0, "SIGNAL": "-77_dBm", "SIGNAL_AVG": "-73_dBm", "RX_BITRATE": "1.0MBit\/s", "TX_BITRATE": "6.5MBit\/s", "AUTHORIZED": "yes", "AUTHENTICATED": "yes" } ], "COMMAND_RESULTS": [ ], "SENSORS_DATA": { "AIR_DATA": { "VOC": 0 } } }
{ "INFO": { "NASID": "78:A3:51:15:AD:66", "PIAP_VERSION": "2.0.2.21", "HW_PART_NO": "\"6\"", "CONSUME_ID": "1468669261", "FIRST_HB": 0, "TIMESTAMP": 1475726121 }, "SYSTEM_INFO": { "KERNEL_VERSION": "3.10.14", "PUBLIC_IP": "223.227.52.21", "UPTIME_REAL": "9877", "CPU_IDLE_TIME": "9163", "LOAD_AVG": "0.01 0.06 0.11 1\/43" }, "MEMINFO": { "TOTAL": "61400kB", "FREE": "16068kB", "BUFFERS": "4680kB", "CACHED": "15492kB" }, "INTERFACE_STATS": { "LAN": { "RX_BYTES": 205572, "RX_PACKETS": 2653, "RX_BYTES_INT": 0, "RX_PACKETS_INT": 0, "RX_ERRORS": 0, "RX_DROPS": 0, "TX_BYTES": 208111, "TX_PACKETS": 2304, "TX_BYTES_INT": 0, "TX_PACKETS_INT": 0, "TX_ERRORS": 0, "TX_DROPS": 0, "TX_RATE": 0, "RX_RATE": 0 }, "UPLINK": [ { "UID": "6477", "TYPE": 4, "UPLINK_IP": "100.89.218.20", "MOBILE_STATUS": "Network:  EDGE, Signal: -51 dBm |  IMEI: 862234024196547 | IMSI: +BandChannel:0,19324", "RX_BYTES": 1348764, "RX_PACKETS": 5347, "RX_BYTES_INT": 8119, "RX_PACKETS_INT": 18, "RX_ERRORS": 0, "RX_DROPS": 0, "TX_BYTES": 1294654, "TX_PACKETS": 6838, "TX_BYTES_INT": 4361, "TX_PACKETS_INT": 23, "TX_ERRORS": 0, "TX_DROPS": 0, "TX_RATE": 718, "RX_RATE": 884 }, { "UID": "6350", "TYPE": 1, "UPLINK_IP": "0.0.0.0", "RX_BYTES": 0, "RX_PACKETS": 0, "RX_BYTES_INT": 0, "RX_PACKETS_INT": 0, "RX_ERRORS": 0, "RX_DROPS": 0, "TX_BYTES": 1141634, "TX_PACKETS": 3579, "TX_BYTES_INT": 1100, "TX_PACKETS_INT": 4, "TX_ERRORS": 0, "TX_DROPS": 0, "TX_RATE": 83, "RX_RATE": 0 } ], "2016": { "SSID": "Infosys_55", "SSID_UNIQ_ID": "2016", "BAND": 1, "RX_BYTES": 1152992, "RX_PACKETS": 9527, "RX_BYTES_INT": 0, "RX_PACKETS_INT": 0, "RX_ERRORS": 0, "RX_DROPS": 0, "TX_BYTES": 1614315, "TX_PACKETS": 5680, "TX_BYTES_INT": 0, "TX_PACKETS_INT": 0, "TX_ERRORS": 0, "TX_DROPS": 0, "TX_RATE": 0, "RX_RATE": 0 } }, "WLAN_CLIENTS": [ { "TYPE": "1", "WIRED_UNIQ_ID": "192", "MAC": "B8:27:EB:DA:76:F5", "IPADDR": "192.168.4.2", "HOSTNAME": "", "DEVICE_TYPE": 0, "RX_BYTES": 164777, "RX_PACKETS": 1969, "RX_BYTES_INT": 0, "RX_PACKETS_INT": 0, "TX_BYTES": 178264, "TX_PACKETS": 2145, "TX_BYTES_INT": 0, "TX_PACKETS_INT": 0, "TX_RATE": 0, "RX_RATE": 0 } ], "COMMAND_RESULTS": [ ] }
[]
[]
{ "INFO": { "NASID": "00:0C:66:20:35:00", "PIAP_VERSION": "2.0.2.19", "HW_PART_NO": "\"4\"", "CONSUME_ID": "1464340940", "FIRST_HB": 0, "TIMESTAMP": 1475726125 }, "SYSTEM_INFO": { "KERNEL_VERSION": "3.3.8", "PUBLIC_IP": "112.133.199.162", "ETH_IP": "172.16.222.5", "UPLINK_IP": "172.16.222.5", "UPTIME_REAL": "1128", "CPU_IDLE_TIME": "1011", "LOAD_AVG": "0.18 0.14 0.13 1\/45" }, "MEMINFO": { "TOTAL": "126320kB", "FREE": "54180kB", "BUFFERS": "6372kB", "CACHED": "20792kB" }, "INTERFACE_STATS": { "1611": { "SSID": "Resail Demo", "SSID_UNIQ_ID": "1611", "BAND": 1, "RX_BYTES": 9931, "RX_PACKETS": 82, "RX_BYTES_INT": 0, "RX_PACKETS_INT": 0, "RX_ERRORS": 0, "RX_DROPS": 0, "TX_BYTES": 5275187, "TX_PACKETS": 45772, "TX_BYTES_INT": 0, "TX_PACKETS_INT": 0, "TX_ERRORS": 0, "TX_DROPS": 19142, "TX_RATE": 0, "RX_RATE": 0 }, "695": { "SSID": "Metro Fi", "SSID_UNIQ_ID": "695", "BAND": 2, "RX_BYTES": 0, "RX_PACKETS": 0, "RX_BYTES_INT": 0, "RX_PACKETS_INT": 0, "RX_ERRORS": 0, "RX_DROPS": 0, "TX_BYTES": 0, "TX_PACKETS": 0, "TX_BYTES_INT": 0, "TX_PACKETS_INT": 0, "TX_ERRORS": 0, "TX_DROPS": 0, "TX_RATE": 0, "RX_RATE": 0 }, "694": { "SSID": "Metro Fi", "SSID_UNIQ_ID": "694", "BAND": 1, "RX_BYTES": 587177, "RX_PACKETS": 3410, "RX_BYTES_INT": 0, "RX_PACKETS_INT": 0, "RX_ERRORS": 0, "RX_DROPS": 0, "TX_BYTES": 8692368, "TX_PACKETS": 66443, "TX_BYTES_INT": 33166, "TX_PACKETS_INT": 272, "TX_ERRORS": 0, "TX_DROPS": 888, "TX_RATE": 6633, "RX_RATE": 0 }, "UPLINK": [ { "UID": "3666", "TYPE": 1, "RX_BYTES": 8382790, "RX_PACKETS": 70106, "RX_BYTES_INT": 33034, "RX_PACKETS_INT": 285, "RX_ERRORS": 0, "RX_DROPS": 36, "TX_BYTES": 1107128, "TX_PACKETS": 5863, "TX_BYTES_INT": 6830, "TX_PACKETS_INT": 20, "TX_ERRORS": 0, "TX_DROPS": 0, "TX_RATE": 1366, "RX_RATE": 6606 } ] }, "WLAN_CLIENTS": [ { "DEVICE": "", "SSID_UNIQ_ID": "694", "SSID": "Metro Fi", "BAND": 1, "MAC": "30:a8:db:3a:3f:b4", "IPADDR": "172.16.148.132", "HOSTNAME": "android-7a6e0c62295a4c86 ( Generic Android ) ", "DEVICE_TYPE": 5, "RX_BYTES": 996, "RX_PACKETS": 3, "RX_BYTES_INT": 0, "RX_PACKETS_INT": 0, "TX_BYTES": 2094, "TX_PACKETS": 22, "TX_BYTES_INT": 0, "TX_PACKETS_INT": 0, "TX_RATE": 0, "RX_RATE": 0, "SIGNAL": "-87_dBm", "SIGNAL_AVG": "-87_dBm", "RX_BITRATE": "1MBits\/s", "TX_BITRATE": "0MBits\/s", "AUTHORIZED": "", "AUTHENTICATED": "" }, { "DEVICE": "", "SSID_UNIQ_ID": "694", "SSID": "Metro Fi", "BAND": 1, "MAC": "40:88:05:81:f3:90", "IPADDR": "172.16.209.1", "HOSTNAME": "android-7a25e04dd642d01f", "DEVICE_TYPE": 5, "RX_BYTES": 3004, "RX_PACKETS": 12, "RX_BYTES_INT": 0, "RX_PACKETS_INT": 0, "TX_BYTES": error event - 10.178.98.2:6379 - Error: Redis connection to 10.178.98.2:6379 failed - connect ETIMEDOUT


** Date = 2018 @ 5:24 AM
Type=error
Application=APP_NODE
Source=app.js
Method=uncaughtException callback
TransactionId=
Statement=process.on
Description=Error: Redis connection to 10.178.98.2:6379 failed - connect ETIMEDOUT
    at RedisClient.on_error (/home/ubuntu/project/pcc-node/node_modules/redis/index.js:185:24)
    at Socket.<anonymous> (/home/ubuntu/project/pcc-node/node_modules/redis/index.js:95:14)
    at Socket.emit (events.js:95:17)
    at net.js:440:14
    at process._tickCallback (node.js:419:13)
Reference=
